// Jest Snapshot v1, https://goo.gl/fbAQLP

exports[`should render Header correctly 1`] = `
<header>
  <h1>
    Expensify
  </h1>
  <NavLink
    className={[Function]}
    end={true}
    to="/"
  >
    Dashboard
  </NavLink>
  <NavLink
    className={[Function]}
    to="/create"
  >
    Create Expenses
  </NavLink>
</header>
`;
